// Jest Snapshot v1, https://goo.gl/fbAQLP

exports[`Nav should render component 1`] = `
ShallowWrapper {
  "length": 1,
  Symbol(enzyme.__root__): [Circular],
  Symbol(enzyme.__unrendered__): <Nav
    isLoggedIn={
      Array [
        Object {
          "email": "gizmo_da_corgi@doggos.com",
          "password": "stumper4lyfe",
        },
      ]
    }
  />,
  Symbol(enzyme.__renderer__): Object {
    "batchedUpdates": [Function],
    "getNode": [Function],
    "render": [Function],
    "simulateEvent": [Function],
    "unmount": [Function],
  },
  Symbol(enzyme.__node__): Object {
    "instance": null,
    "key": null,
    "nodeType": "host",
    "props": Object {
      "children": Array [
        <Link
          className="left"
          replace={false}
          to="/"
        >
          Home
        </Link>,
        <Link
          className="left"
          replace={false}
          to="/favorites"
        >
          Favorites
        </Link>,
        <Link
          className="right"
          replace={false}
          to="/login"
        >
          Login
        </Link>,
        <button
          className="right"
          onClick={[Function]}
        >
          Sign Out
        </button>,
      ],
      "id": "nav-div",
    },
    "ref": null,
    "rendered": Array [
      Object {
        "instance": null,
        "key": null,
        "nodeType": "class",
        "props": Object {
          "children": "Home",
          "className": "left",
          "replace": false,
          "to": "/",
        },
        "ref": null,
        "rendered": "Home",
        "type": [Function],
      },
      Object {
        "instance": null,
        "key": null,
        "nodeType": "class",
        "props": Object {
          "children": "Favorites",
          "className": "left",
          "replace": false,
          "to": "/favorites",
        },
        "ref": null,
        "rendered": "Favorites",
        "type": [Function],
      },
      Object {
        "instance": null,
        "key": null,
        "nodeType": "class",
        "props": Object {
          "children": "Login",
          "className": "right",
          "replace": false,
          "to": "/login",
        },
        "ref": null,
        "rendered": "Login",
        "type": [Function],
      },
      Object {
        "instance": null,
        "key": null,
        "nodeType": "host",
        "props": Object {
          "children": "Sign Out",
          "className": "right",
          "onClick": [Function],
        },
        "ref": null,
        "rendered": "Sign Out",
        "type": "button",
      },
    ],
    "type": "div",
  },
  Symbol(enzyme.__nodes__): Array [
    Object {
      "instance": null,
      "key": null,
      "nodeType": "host",
      "props": Object {
        "children": Array [
          <Link
            className="left"
            replace={false}
            to="/"
          >
            Home
          </Link>,
          <Link
            className="left"
            replace={false}
            to="/favorites"
          >
            Favorites
          </Link>,
          <Link
            className="right"
            replace={false}
            to="/login"
          >
            Login
          </Link>,
          <button
            className="right"
            onClick={[Function]}
          >
            Sign Out
          </button>,
        ],
        "id": "nav-div",
      },
      "ref": null,
      "rendered": Array [
        Object {
          "instance": null,
          "key": null,
          "nodeType": "class",
          "props": Object {
            "children": "Home",
            "className": "left",
            "replace": false,
            "to": "/",
          },
          "ref": null,
          "rendered": "Home",
          "type": [Function],
        },
        Object {
          "instance": null,
          "key": null,
          "nodeType": "class",
          "props": Object {
            "children": "Favorites",
            "className": "left",
            "replace": false,
            "to": "/favorites",
          },
          "ref": null,
          "rendered": "Favorites",
          "type": [Function],
        },
        Object {
          "instance": null,
          "key": null,
          "nodeType": "class",
          "props": Object {
            "children": "Login",
            "className": "right",
            "replace": false,
            "to": "/login",
          },
          "ref": null,
          "rendered": "Login",
          "type": [Function],
        },
        Object {
          "instance": null,
          "key": null,
          "nodeType": "host",
          "props": Object {
            "children": "Sign Out",
            "className": "right",
            "onClick": [Function],
          },
          "ref": null,
          "rendered": "Sign Out",
          "type": "button",
        },
      ],
      "type": "div",
    },
  ],
  Symbol(enzyme.__options__): Object {
    "adapter": ReactSixteenAdapter {
      "options": Object {
        "enableComponentDidUpdateOnSetState": true,
      },
    },
  },
}
`;
